***** External Functions *****
1    AdminAskPath                                       isrt.obl(ISRTScriptDialogs.obs)
2    Advapi32.ControlService                            Setup.obs
3    Advapi32.OpenSCManagerA                            Setup.obs
4    Advapi32.OpenServiceA                              Setup.obs
5    Advapi32.QueryServiceStatus                        Setup.obs
6    Advapi32.StartServiceA                             Setup.obs
7    AllFeaturesDeselected                              iswi.obl(CompHelperFuncs.obs)
8    AskOptions                                         isrt.obl(ISRTScriptDialogs.obs)
9    AskYesNo                                           isrt.obl(ISRTScriptDialogsPriv.obs)
10   CHECK_RETURN                                       iswi.obl(ErrHandler.obs)
11   ChangeDirectory                                    isrt.obl(Files.obs)
12   CloseFile                                          isrt.obl(Files.obs)
13   CmdGetHwndDlg                                      isrt.obl(CustomDialog.obs)
14   ComponentCompareSizeRequired                       isrt.obl(component.obs)
15   ComponentErrorInfo                                 isrt.obl(component.obs)
16   ComponentGetData                                   isrt.obl(component.obs)
17   ComponentGetTotalCost                              isrt.obl(component.obs)
18   ComponentIsItemSelected                            isrt.obl(component.obs)
19   ComponentListItems                                 isrt.obl(component.obs)
20   ComponentRemoveAll                                 isrt.obl(component.obs)
21   ComponentSaveTarget                                isrt.obl(component.obs)
22   ComponentSelectItem                                isrt.obl(component.obs)
23   ComponentTransferData                              isrt.obl(component.obs)
24   ComponentTreeInit                                  isrt.obl(Dialogs.obs)
25   ConvertWinHighLowSizeToISHighLowSize               isrt.obl(Misc.obs)
26   CopyFile                                           isrt.obl(Files.obs)
27   CreateDir                                          isrt.obl(Files.obs)
28   CreateFile                                         isrt.obl(Files.obs)
29   CreateInstallationInfo                             isrt.obl(Registry.obs)
30   CtrlGetDlgItem                                     isrt.obl(CustomDialog.obs)
31   CtrlGetNotificationCode                            isrt.obl(CustomDialog.obs)
32   CtrlGetState                                       isrt.obl(CustomDialog.obs)
33   CtrlGetSubCommand                                  isrt.obl(CustomDialog.obs)
34   CtrlGetText                                        isrt.obl(CustomDialog.obs)
35   CtrlSelectText                                     isrt.obl(CustomDialog.obs)
36   CtrlSetList                                        isrt.obl(CustomDialog.obs)
37   CtrlSetMLEText                                     isrt.obl(CustomDialog.obs)
38   CtrlSetState                                       isrt.obl(CustomDialog.obs)
39   CtrlSetText                                        isrt.obl(CustomDialog.obs)
40   DefineDialog                                       isrt.obl(CustomDialog.obs)
41   DeleteCHARArray                                    isrt.obl(Misc.obs)
42   DeleteDir                                          isrt.obl(Files.obs)
43   DeleteFile                                         isrt.obl(Files.obs)
44   DeleteSingleFile                                   isrt.obl(Files.obs)
45   DialogSetDefaultFont                               isrt.obl(Dialogs.obs)
46   DialogSetFont                                      isrt.obl(Dialogs.obs)
47   DialogSetInfo                                      isrt.obl(Dialogs.obs)
48   Disable                                            isrt.obl(Enable.obs)
49   DllSizeOf                                          isrt.obl(Str.obs)
50   Do                                                 isrt.obl(Misc.obs)
51   Enable                                             isrt.obl(Enable.obs)
52   EndCurrentDialog                                   isrt.obl(Dialogs.obs)
53   EndDialog                                          isrt.obl(CustomDialog.obs)
54   ExistsDir                                          isrt.obl(Files.obs)
55   EzDefineDialog                                     isrt.obl(CustomDialog.obs)
56   FeatureCompareSizeRequired                         iswi.obl(FeatureConv.obs)
57   FeatureErrorInfo                                   iswi.obl(ComponentConv.obs)
58   FeatureFilterLanguage                              iswi.obl(FeatureConv.obs)
59   FeatureFilterOS                                    iswi.obl(FeatureConv.obs)
60   FeatureGetData                                     iswi.obl(ComponentConv.obs)
61   FeatureGetTotalCost                                iswi.obl(FeatureConv.obs)
62   FeatureIsItemSelected                              iswi.obl(ComponentConv.obs)
63   FeatureListItems                                   iswi.obl(ComponentConv.obs)
64   FeatureRemoveAll                                   iswi.obl(ComponentConv.obs)
65   FeatureSaveTarget                                  iswi.obl(FeatureConv.obs)
66   FeatureSelectItem                                  iswi.obl(ComponentConv.obs)
67   FeatureTransferData                                iswi.obl(ComponentConv.obs)
68   FeaturesInstalled                                  iswi.obl(FileTransferFuncsConv.obs)
69   FeaturesInstalling                                 iswi.obl(FileTransferFuncsConv.obs)
70   FileGrep                                           isrt.obl(Files.obs)
71   FileInsertLine                                     isrt.obl(Files.obs)
72   FillLists                                          isrt.obl(ISRTScriptDialogs.obs)
73   FindAllDirs                                        isrt.obl(Files.obs)
74   FindAllFiles                                       isrt.obl(Files.obs)
75   FindFile                                           isrt.obl(Files.obs)
76   FormatMessage                                      isrt.obl(Misc.obs)
77   GDI32.CreateRectRgn                                Setup.obs
78   GDI32.GetDeviceCaps                                Setup.obs
79   GateWayServer_Installed                            Setup.obs
80   GateWayServer_UnInstalling                         Setup.obs
81   GeneratedMSIScript                                 iswi.obl(FileTransferFuncsConv.obs)
82   GeneratingMSIScript                                iswi.obl(FileTransferFuncsConv.obs)
83   GetBasicMSI                                        isrt.obl(SysVars.obs)
84   GetBillboard                                       isrt.obl(SysVars.obs)
85   GetCArrayFromISArray                               isrt.obl(Misc.obs)
86   GetCHARArrayFromISStringArray                      isrt.obl(Misc.obs)
87   GetCompItemList                                    iswi.obl(CompHelperFuncs.obs)
88   GetComponentsFeatures                              iswi.obl(CompHelperFuncs.obs)
89   GetCurrentDialogName                               isrt.obl(Dialogs.obs)
90   GetCurrentDir                                      isrt.obl(Files.obs)
91   GetDialogTitle                                     isrt.obl(Dialogs.obs)
92   GetDir                                             isrt.obl(Str.obs)
93   GetDisk                                            isrt.obl(Str.obs)
94   GetDiskSpace                                       isrt.obl(GSI.obs)
95   GetDiskSpaceEx                                     isrt.obl(GSI.obs)
96   GetEnabledIServices                                isrt.obl(SysVars.obs)
97   GetExtents                                         isrt.obl(GSI.obs)
98   GetFileInfo                                        isrt.obl(Files.obs)
99   GetFolderApplications                              isrt.obl(SysVars.obs)
100  GetFolderApplications64                            isrt.obl(SysVars.obs)
101  GetFolderDotNet10                                  isrt.obl(SysVars.obs)
102  GetFolderDotNet11                                  isrt.obl(SysVars.obs)
103  GetFolderDotNet20                                  isrt.obl(SysVars.obs)
104  GetFolderPrograms                                  isrt.obl(SysVars.obs)
105  GetISRes                                           isrt.obl(SysVars.obs)
106  GetISUser                                          isrt.obl(SysVars.obs)
107  GetInstallScriptMSIEEUI                            isrt.obl(SysVars.obs)
108  GetKeyPathWinCurrVerAuto                           isrt.obl(SysVars.obs)
109  GetLine                                            isrt.obl(Files.obs)
110  GetMSIFeatureName                                  iswi.obl(CompHelperFuncs.obs)
111  GetMaintenance                                     iswi.obl(ISWiInit.obs)
112  GetMsiFeaturePath                                  iswi.obl(CompHelperFuncs.obs)
113  GetMsiNameFromAliasTable                           iswi.obl(CompHelperFuncs.obs)
114  GetOpenFileMode                                    isrt.obl(Files.obs)
115  GetPackageLocation                                 isrt.obl(SysVars.obs)
116  GetPlatformList                                    iswi.obl(CompHelperFuncs.obs)
117  GetProductGUID                                     iswi.obl(ISWiInit.obs)
118  GetProfSectionKeyCount                             isrt.obl(Profile.obs)
119  GetProfString                                      isrt.obl(Profile.obs)
120  GetProfStringList                                  isrt.obl(Profile.obs)
121  GetReinstallMode                                   isrt.obl(SysVars.obs)
122  GetRemoveAllMode                                   isrt.obl(SysVars.obs)
123  GetSelectedTreeComponent                           isrt.obl(CmptView.obs)
124  GetStandardSelectedLanguage                        isrt.obl(SysVars.obs)
125  GetSupportDir                                      isrt.obl(SysVars.obs)
126  GetSystemInfo                                      isrt.obl(GSI.obs)
127  GetTempFolder                                      isrt.obl(SysVars.obs)
128  GetUserSelectableAuto                              isrt.obl(SysVars.obs)
129  GetValidDrivesList                                 isrt.obl(GSI.obs)
130  GetWinDir                                          isrt.obl(SysVars.obs)
131  GetWinSysDir                                       isrt.obl(SysVars.obs)
132  GetWindowHandle                                    iswi.obl(MiscConv.obs)
133  HIWORD                                             isrt.obl(Misc.obs)
134  ISDeterminePlatform                                isrt.obl(OsInfo.obs)
135  ISMIF32.InstallStatusMIF                           isrt.obl(MIF.obs)
136  ISRT.ComponentViewSetInfoEx                        isrt.obl(Dialogs.obs)
137  ISRT.EnableHourGlass                               isrt.obl(Enable.obs)
138  ISRT.GetCPUType                                    isrt.obl(GSI.obs)
139  ISRT.GetFontSub                                    isrt.obl(Dialogs.obs)
140  ISRT.GetHandle                                     Setup.obs
141  ISRT.GetPorts                                      isrt.obl(GSI.obs)
142  ISRT.IsEmpty                                       Setup.obs
143  ISRT.IsNTAdmin                                     isrt.obl(Is.obs)
144  ISRT.IsObject                                      Setup.obs
145  ISRT.IsPowerUser                                   isrt.obl(Is.obs)
146  ISRT.LangLoadString                                isrt.obl(SDINT.obs)
147  ISRT.MessageBeepP                                  Setup.obs
148  ISRT.PathCompactPathPixel                          isrt.obl(CustomDialog.obs)
149  ISRT.PathGetDir                                    isrt.obl(Str.obs)
150  ISRT.PathGetDrive                                  isrt.obl(Str.obs)
151  ISRT.PathGetFile                                   isrt.obl(Files.obs)
152  ISRT.PathGetFileExt                                isrt.obl(Str.obs)
153  ISRT.PathGetFileName                               isrt.obl(Str.obs)
154  ISRT.PathGetLongFromShort                          isrt.obl(Str.obs)
155  ISRT.PathGetPath                                   isrt.obl(Str.obs)
156  ISRT.PathIsValidSyntax                             isrt.obl(Is.obs)
157  ISRT.VerGetFileVersion                             Setup.obs
158  ISRT._BrowseForFolder                              isrt.obl(ISRTScriptDialogsPriv.obs)
159  ISRT._CloseFile                                    isrt.obl(Files.obs)
160  ISRT._CmdGetHwndDlg                                isrt.obl(CustomDialog.obs)
161  ISRT._CompareDWORD                                 isrt.obl(Extend.obs)
162  ISRT._ComponentCompareSizeRequired                 iswi.obl(FeatureConv.obs)
163  ISRT._ComponentFilterLanguage                      iswi.obl(FeatureConv.obs)
164  ISRT._ComponentFilterOS                            iswi.obl(FeatureConv.obs)
165  ISRT._ComponentGetTotalCost                        iswi.obl(FeatureConv.obs)
166  ISRT._ComponentGetTotalCostEx                      iswi.obl(ComponentConv.obs)
167  ISRT._ComponentSaveTarget                          iswi.obl(FeatureConv.obs)
168  ISRT._CreateDir                                    isrt.obl(Files.obs)
169  ISRT._CtrlGetNotificationCode                      isrt.obl(CustomDialog.obs)
170  ISRT._CtrlGetParentWindowHelper                    iswi.obl(MiscConv.obs)
171  ISRT._CtrlGetSubCommand                            isrt.obl(CustomDialog.obs)
172  ISRT._CtrlSetHtmlContent                           isrt.obl(CustomDialog.obs)
173  ISRT._CtrlSetMLERichText                           isrt.obl(CustomDialog.obs)
174  ISRT._DefineDialog                                 isrt.obl(CustomDialog.obs)
175  ISRT._DeleteCHARArray                              isrt.obl(Misc.obs)
176  ISRT._DialogSetFont                                isrt.obl(Dialogs.obs)
177  ISRT._DisableStatus                                isrt.obl(Enable.obs)
178  ISRT._DoSprintf                                    iswi.obl(HelperFuncs.obs)
179  ISRT._EnableDialogCache                            isrt.obl(Enable.obs)
180  ISRT._EnablePrevDialog                             Setup.obs
181  ISRT._EnableSkins                                  isrt.obl(Enable.obs)
182  ISRT._EnableStatus                                 isrt.obl(Enable.obs)
183  ISRT._EnableWow64FsRedirection                     isrt.obl(Enable.obs)
184  ISRT._EndDialog                                    isrt.obl(CustomDialog.obs)
185  ISRT._ExistsDir                                    isrt.obl(Files.obs)
186  ISRT._ExistsFile                                   isrt.obl(Files.obs)
187  ISRT._FileCopy                                     isrt.obl(Files.obs)
188  ISRT._FloatingPointOperation                       iswi.obl(ComponentConv.obs)
189  ISRT._GenerateFileMD5SignatureHex                  isrt.obl(Files.obs)
190  ISRT._GetCurrentDialogName                         isrt.obl(Dialogs.obs)
191  ISRT._GetDiskSpaceEx                               isrt.obl(GSI.obs)
192  ISRT._GetDiskSpaceExEx                             iswi.obl(ComponentConv.obs)
193  ISRT._GetGlobalMemorySize                          isrt.obl(GSI.obs)
194  ISRT._GetInetFileSize                              isrt.obl(Files.obs)
195  ISRT._GetInetFileTime                              isrt.obl(Files.obs)
196  ISRT._GetLine                                      isrt.obl(Files.obs)
197  ISRT._GetLineSize                                  isrt.obl(Files.obs)
198  ISRT._GetProcessorInfo                             isrt.obl(OsInfo.obs)
199  ISRT._GetRunningChildProcessEx2                    isrt.obl(Extend.obs)
200  ISRT._GetSelectedTreeComponent                     isrt.obl(CmptView.obs)
201  ISRT._GetStandardLangId                            isrt.obl(Misc.obs)
202  ISRT._GetSupportDir                                isrt.obl(SysVars.obs)
203  ISRT._GetVirtualMachineType                        isrt.obl(GSI.obs)
204  ISRT._IsFontTypefaceNameAvailable                  isrt.obl(Is.obs)
205  ISRT._IsInAdminGroup                               isrt.obl(Is.obs)
206  ISRT._IsLangSupported                              isrt.obl(Is.obs)
207  ISRT._IsSkinLoaded                                 isrt.obl(Is.obs)
208  ISRT._IsVirtualMachine                             isrt.obl(OsInfo.obs)
209  ISRT._IsWindowsME                                  isrt.obl(GSI.obs)
210  ISRT._IsWow64                                      isrt.obl(OsInfo.obs)
211  ISRT._ListAddItem                                  isrt.obl(scrlist.obs)
212  ISRT._ListAddString                                isrt.obl(scrlist.obs)
213  ISRT._ListCount                                    isrt.obl(scrlist.obs)
214  ISRT._ListCreate                                   isrt.obl(scrlist.obs)
215  ISRT._ListCurrentString                            isrt.obl(scrlist.obs)
216  ISRT._ListDeleteItem                               isrt.obl(scrlist.obs)
217  ISRT._ListDeleteString                             isrt.obl(scrlist.obs)
218  ISRT._ListDestroy                                  isrt.obl(scrlist.obs)
219  ISRT._ListFindItem                                 isrt.obl(scrlist.obs)
220  ISRT._ListFindString                               isrt.obl(scrlist.obs)
221  ISRT._ListGetFirstItem                             isrt.obl(scrlist.obs)
222  ISRT._ListGetFirstString                           isrt.obl(scrlist.obs)
223  ISRT._ListGetNextItem                              isrt.obl(scrlist.obs)
224  ISRT._ListGetNextString                            isrt.obl(scrlist.obs)
225  ISRT._ListGetType                                  isrt.obl(scrlist.obs)
226  ISRT._ListReadFromFile                             isrt.obl(scrlist.obs)
227  ISRT._ListSetIndex                                 isrt.obl(scrlist.obs)
228  ISRT._ListWriteToFile                              isrt.obl(scrlist.obs)
229  ISRT._MediaGetFilteringInfo                        iswi.obl(FeatureConv.obs)
230  ISRT._MediaGetInfo                                 iswi.obl(FeatureConv.obs)
231  ISRT._OpenFile                                     isrt.obl(Files.obs)
232  ISRT._Preprogram                                   Setup.obs
233  ISRT._PrintFile                                    isrt.obl(Files.obs)
234  ISRT._ReadBytes                                    isrt.obl(Files.obs)
235  ISRT._RegCreateKey                                 isrt.obl(Registry.obs)
236  ISRT._RegDeleteKey                                 isrt.obl(Registry.obs)
237  ISRT._RegDeleteValue                               isrt.obl(Registry.obs)
238  ISRT._RegEnableTextSubs                            isrt.obl(Enable.obs)
239  ISRT._RegEnum                                      isrt.obl(Registry.obs)
240  ISRT._RegExistsKey                                 isrt.obl(Registry.obs)
241  ISRT._RegGetOptions                                isrt.obl(SysVars.obs)
242  ISRT._RegIsRemoteRegConnected                      isrt.obl(Is.obs)
243  ISRT._RegQueryKeyBinaryValue                       isrt.obl(Registry.obs)
244  ISRT._RegQueryKeyValue                             isrt.obl(Registry.obs)
245  ISRT._RegSetKeyBinaryValue                         isrt.obl(Registry.obs)
246  ISRT._RegSetKeyValue                               isrt.obl(Registry.obs)
247  ISRT._RegSetOptions                                isrt.obl(SysVars.obs)
248  ISRT._ReleaseDialog                                isrt.obl(CustomDialog.obs)
249  ISRT._SdShowMsg                                    isrt.obl(ISRTScriptDialogsPriv.obs)
250  ISRT._SetAltMainImage                              isrt.obl(Dialogs.obs)
251  ISRT._SetDisplayEffect                             isrt.obl(ui.obs)
252  ISRT._SetSilentSdShowMsg                           isrt.obl(Enable.obs)
253  ISRT._SetTitle                                     isrt.obl(ui.obs)
254  ISRT._SetupTraceWrite                              isrt.obl(Misc.obs)
255  ISRT._TreeViewCreate                               isrt.obl(CmptView.obs)
256  ISRT._WCHARArrayToCHARArray                        isrt.obl(Misc.obs)
257  ISRT._WaitOnDialog                                 isrt.obl(CustomDialog.obs)
258  ISRT._WriteBytes                                   isrt.obl(Files.obs)
259  ISRT._WriteLine                                    isrt.obl(Files.obs)
260  ISRT.__CreateObjectContext                         isrt.obl(ISRTInit.obs)
261  ISRT.__GetCmdLineOptions                           isrt.obl(ISRTInit.obs)
262  ISRT.__GetContextGUID                              isrt.obl(ISRTInit.obs)
263  ISRT.__GetEnabledIServices                         isrt.obl(SysVars.obs)
264  ISRT.__GetFileRegistrar                            isrt.obl(ISRTInit.obs)
265  ISRT.__GetISMSIStringTableObj                      iswi.obl(ISWiInit.obs)
266  ISRT.__GetInfo                                     isrt.obl(ISRTInit.obs)
267  ISRT.__GetInstallGuid                              isrt.obl(SysVars.obs)
268  ISRT.__GetLogDB                                    isrt.obl(ISRTInit.obs)
269  ISRT.__GetMainWindow                               Setup.obs
270  ISRT.__GetMaintOption                              isrt.obl(SysVars.obs)
271  ISRT.__GetMaintenanceMode                          isrt.obl(SysVars.obs)
272  ISRT.__GetObjects                                  isrt.obl(ISRTInit.obs)
273  ISRT.__GetProductGuid                              isrt.obl(SysVars.obs)
274  ISRT.__GetProgress                                 Setup.obs
275  ISRT.__GetReboot                                   isrt.obl(ISRTInit.obs)
276  ISRT.__GetReinstallMode                            isrt.obl(SysVars.obs)
277  ISRT.__GetRemoveAllMode                            isrt.obl(SysVars.obs)
278  ISRT.__GetTextSub                                  isrt.obl(ISRTInit.obs)
279  ISRT.__GetUpdateMode                               isrt.obl(SysVars.obs)
280  ISRT.__PutEnabledIServices                         isrt.obl(Enable.obs)
281  ISRT.__ReleaseObjectContext                        isrt.obl(ISRTInit.obs)
282  ISRT.__RestoreMainLog                              isrt.obl(ISRTInit.obs)
283  ISRT.__RestoreMainLogEx                            isrt.obl(ISRTInit.obs)
284  ISRT.__SetComponentLog                             isrt.obl(ISRTInit.obs)
285  ISRT.__SetUpdateMode                               isrt.obl(SysVars.obs)
286  ISRTHandleScriptException                          isrt.obl(Misc.obs)
287  ISRTPreprogram                                     isrt.obl(Driver.obs)
288  ISWIOnAppSearch                                    iswi.obl(DriverConv.obs)
289  ISWIOnCCPSearch                                    iswi.obl(DriverConv.obs)
290  ISWIOnExitInstall                                  iswi.obl(DriverConv.obs)
291  ISWIOnFirstUIAfter                                 iswi.obl(DriverConv.obs)
292  ISWIOnFirstUIBefore                                iswi.obl(DriverConv.obs)
293  ISWIOnInitInstall                                  iswi.obl(DriverConv.obs)
294  ISWIOnMaintUIAfter                                 iswi.obl(DriverConv.obs)
295  ISWIOnMaintUIBefore                                iswi.obl(DriverConv.obs)
296  ISWIOnMoveData                                     iswi.obl(DriverConv.obs)
297  ISWIOnMoveDataPostInstall                          iswi.obl(DriverConv.obs)
298  ISWIOnMoveDataPreInstall                           iswi.obl(DriverConv.obs)
299  ISWIOnResumeUIAfter                                iswi.obl(DriverConv.obs)
300  ISWIOnResumeUIBefore                               iswi.obl(DriverConv.obs)
301  ISWIPostprogram                                    iswi.obl(DriverConv.obs)
302  ISWIPreprogram                                     iswi.obl(DriverConv.obs)
303  InstallFilesActionAfter                            iswi.obl(FileTransferFuncsConv.obs)
304  InstallFilesActionBefore                           iswi.obl(FileTransferFuncsConv.obs)
305  Is                                                 isrt.obl(Is.obs)
306  IsComponentFiltered                                iswi.obl(CompHelperFuncs.obs)
307  IsTestSetup                                        iswi.obl(HelperFuncs.obs)
308  KERNEL.GetModuleHandle                             Setup.obs
309  KERNEL32.CloseHandle                               Setup.obs
310  KERNEL32.CreateFileA                               Setup.obs
311  KERNEL32.CreateProcess                             Setup.obs
312  KERNEL32.DeleteFileA                               Setup.obs
313  KERNEL32.FileTimeToLocalFileTime                   Setup.obs
314  KERNEL32.FileTimeToSystemTime                      Setup.obs
315  KERNEL32.FindClose                                 Setup.obs
316  KERNEL32.FindFirstFileA                            Setup.obs
317  KERNEL32.FindNextFileA                             Setup.obs
318  KERNEL32.FormatMessageA                            Setup.obs
319  KERNEL32.FreeLibrary                               Setup.obs
320  KERNEL32.GetCurrentDirectoryA                      Setup.obs
321  KERNEL32.GetDriveType                              Setup.obs
322  KERNEL32.GetExitCodeProcess                        Setup.obs
323  KERNEL32.GetFileAttributesA                        Setup.obs
324  KERNEL32.GetFileTime                               Setup.obs
325  KERNEL32.GetLocalTime                              Setup.obs
326  KERNEL32.GetLocaleInfo                             Setup.obs
327  KERNEL32.GetPrivateProfileSectionA                 Setup.obs
328  KERNEL32.GetPrivateProfileString                   Setup.obs
329  KERNEL32.GetPrivateProfileStringA                  Setup.obs
330  KERNEL32.GetProcAddress                            Setup.obs
331  KERNEL32.GetProcessId                              Setup.obs
332  KERNEL32.GetProfileStringA                         Setup.obs
333  KERNEL32.GetSystemDefaultLCID                      Setup.obs
334  KERNEL32.GetSystemDefaultLangID                    Setup.obs
335  KERNEL32.GetSystemDefaultUILanguage                Setup.obs
336  KERNEL32.GetTickCount                              Setup.obs
337  KERNEL32.GetUserDefaultLangID                      Setup.obs
338  KERNEL32.GetVersion                                Setup.obs
339  KERNEL32.GetVersionEx                              Setup.obs
340  KERNEL32.GetVolumeInformation                      Setup.obs
341  KERNEL32.GetWindowsDirectory                       Setup.obs
342  KERNEL32.GetWindowsDirectoryA                      Setup.obs
343  KERNEL32.LoadLibraryA                              Setup.obs
344  KERNEL32.LocalFileTimeToFileTime                   Setup.obs
345  KERNEL32.RemoveDirectoryA                          Setup.obs
346  KERNEL32.SetCurrentDirectoryA                      Setup.obs
347  KERNEL32.SetFileAttributesA                        Setup.obs
348  KERNEL32.SetFileTime                               Setup.obs
349  KERNEL32.Sleep                                     Setup.obs
350  KERNEL32.SystemTimeToFileTime                      Setup.obs
351  KERNEL32.WritePrivateProfileString                 Setup.obs
352  KERNEL32.lstrlen                                   Setup.obs
353  Kernel32.GetModuleHandleA                          iswi.obl(ComponentConv.obs)
354  LOWORD                                             isrt.obl(Misc.obs)
355  LaunchAppAndWait                                   isrt.obl(Extend.obs)
356  LaunchAppAndWaitInitStartupInfo                    isrt.obl(Extend.obs)
357  LaunchApplication                                  isrt.obl(Extend.obs)
358  LaunchApplicationInit                              isrt.obl(Extend.obs)
359  LicenseServer_Installed                            Setup.obs
360  LicenseServer_UnInstalled                          Setup.obs
361  LicenseServer_UnInstalling                         Setup.obs
362  ListAddItem                                        isrt.obl(scrlist.obs)
363  ListAddString                                      isrt.obl(scrlist.obs)
364  ListAppendToArray                                  isrt.obl(scrlist.obs)
365  ListConvertStrToNum                                isrt.obl(scrlist.obs)
366  ListCount                                          isrt.obl(scrlist.obs)
367  ListCreate                                         isrt.obl(scrlist.obs)
368  ListCurrentString                                  isrt.obl(scrlist.obs)
369  ListDeleteItem                                     isrt.obl(scrlist.obs)
370  ListDeleteString                                   isrt.obl(scrlist.obs)
371  ListDestroy                                        isrt.obl(scrlist.obs)
372  ListFindItem                                       isrt.obl(scrlist.obs)
373  ListFindString                                     isrt.obl(scrlist.obs)
374  ListGetFirstItem                                   isrt.obl(scrlist.obs)
375  ListGetFirstString                                 isrt.obl(scrlist.obs)
376  ListGetLastString                                  iswi.obl(CompHelperFuncs.obs)
377  ListGetNextItem                                    isrt.obl(scrlist.obs)
378  ListGetNextString                                  isrt.obl(scrlist.obs)
379  ListGetType                                        isrt.obl(scrlist.obs)
380  ListReadFromFile                                   isrt.obl(scrlist.obs)
381  ListSetIndex                                       isrt.obl(scrlist.obs)
382  ListValid                                          isrt.obl(scrlist.obs)
383  ListValidType                                      isrt.obl(scrlist.obs)
384  ListWriteToFile                                    isrt.obl(scrlist.obs)
385  ListWriteToFileEx                                  isrt.obl(scrlist.obs)
386  LoadStringFromStringTable                          iswi.obl(ISWiInit.obs)
387  LongPathFromShortPath                              isrt.obl(Str.obs)
388  LongPathToQuote                                    isrt.obl(Str.obs)
389  MAKELONG                                           isrt.obl(Misc.obs)
390  MIFCreateMIFFile                                   isrt.obl(MIF.obs)
391  MIFDeleteMIFFile                                   isrt.obl(MIF.obs)
392  MIFInitialize                                      isrt.obl(MIF.obs)
393  MIFSetInformation                                  isrt.obl(MIF.obs)
394  MIFUnInitialize                                    isrt.obl(MIF.obs)
395  MIFWasSetInformationCalled                         isrt.obl(MIF.obs)
396  MediaGetDataEx                                     iswi.obl(FeatureConv.obs)
397  MessageBeep                                        isrt.obl(Misc.obs)
398  MessageBox                                         isrt.obl(ISRTScriptDialogsPriv.obs)
399  MessageBoxEx                                       isrt.obl(ISRTScriptDialogsPriv.obs)
400  Moved                                              iswi.obl(FileTransferFuncsConv.obs)
401  Moving                                             iswi.obl(FileTransferFuncsConv.obs)
402  MsiCloseHandle                                     iswi.obl(MsiFuncsConv.obs)
403  MsiCreateRecord                                    iswi.obl(MsiFuncsConv.obs)
404  MsiDatabaseOpenView                                iswi.obl(MsiFuncsConv.obs)
405  MsiDoAction                                        iswi.obl(MsiFuncsConv.obs)
406  MsiGetActiveDatabase                               iswi.obl(MsiFuncsConv.obs)
407  MsiGetMode                                         iswi.obl(MsiFuncsConv.obs)
408  MsiGetProperty                                     iswi.obl(MsiFuncsConv.obs)
409  MsiGetPropertyIS                                   iswi.obl(MsiFuncsConv.obs)
410  MsiGetSourcePath                                   iswi.obl(MsiFuncsConv.obs)
411  MsiGetTargetPath                                   iswi.obl(MsiFuncsConv.obs)
412  MsiInstallProduct                                  iswi.obl(MsiFuncsConv.obs)
413  MsiProcessMessage                                  iswi.obl(MsiFuncsConv.obs)
414  MsiQueryFeatureState                               iswi.obl(MsiFuncsConv.obs)
415  MsiRecordGetInteger                                iswi.obl(MsiFuncsConv.obs)
416  MsiRecordGetString                                 iswi.obl(MsiFuncsConv.obs)
417  MsiRecordSetString                                 iswi.obl(MsiFuncsConv.obs)
418  MsiSetProperty                                     iswi.obl(MsiFuncsConv.obs)
419  MsiSetTargetPath                                   iswi.obl(MsiFuncsConv.obs)
420  MsiViewExecute                                     iswi.obl(MsiFuncsConv.obs)
421  MsiViewFetch                                       iswi.obl(MsiFuncsConv.obs)
422  OnAbort                                            iswi.obl(DriverConv.obs)
423  OnAction                                           iswi.obl(ISWiInit.obs)
424  OnAdminInstallUIAfter                              iswi.obl(DriverConv.obs)
425  OnAdminInstallUIBefore                             iswi.obl(DriverConv.obs)
426  OnAdminPatchUIAfter                                iswi.obl(DriverConv.obs)
427  OnAdminPatchUIBefore                               iswi.obl(DriverConv.obs)
428  OnAdvertisementAfter                               iswi.obl(DriverConv.obs)
429  OnAdvertisementBefore                              iswi.obl(DriverConv.obs)
430  OnAppSearch                                        Setup.obs
431  OnBegin                                            Setup.obs
432  OnCCPSearch                                        iswi.obl(DriverConv.obs)
433  OnCanceling                                        iswi.obl(DriverConv.obs)
434  OnComponentError                                   iswi.obl(DriverConv.obs)
435  OnDIFxLogCallback                                  isrt.obl(ISDIFx.obs)
436  OnDIFxLogCallbackImpl                              isrt.obl(ISDIFx.obs)
437  OnEnd                                              Setup.obs
438  OnError                                            iswi.obl(DriverConv.obs)
439  OnException                                        iswi.obl(DriverConv.obs)
440  OnFeaturesInstalled                                iswi.obl(FileTransferFuncsConv.obs)
441  OnFeaturesInstalling                               iswi.obl(FileTransferFuncsConv.obs)
442  OnFileError                                        iswi.obl(Exceptions.obs)
443  OnFileLocked                                       iswi.obl(Exceptions.obs)
444  OnFileReadOnly                                     iswi.obl(Exceptions.obs)
445  OnFilesInUse                                       iswi.obl(DriverConv.obs)
446  OnFilterComponents                                 iswi.obl(DriverConv.obs)
447  OnFirstUIAfter                                     Setup.obs
448  OnFirstUIBefore                                    Setup.obs
449  OnGeneratedMSIScript                               iswi.obl(DriverConv.obs)
450  OnGeneratingMSIScript                              iswi.obl(DriverConv.obs)
451  OnHelp                                             iswi.obl(DriverConv.obs)
452  OnInstallFilesActionAfter                          Setup.obs
453  OnInstallFilesActionBefore                         Setup.obs
454  OnInternetError                                    iswi.obl(Exceptions.obs)
455  OnLaunchAppAndWaitCallback                         iswi.obl(DriverConv.obs)
456  OnLogonUserSetMsiProperties                        iswi.obl(DriverConv.obs)
457  OnMD5Error                                         iswi.obl(Exceptions.obs)
458  OnMaintUIAfter                                     Setup.obs
459  OnMaintUIBefore                                    Setup.obs
460  OnMaintenance                                      iswi.obl(DriverConv.obs)
461  OnMoved                                            Setup.obs
462  OnMoving                                           iswi.obl(DriverConv.obs)
463  OnMsiSilentInstall                                 iswi.obl(DriverConv.obs)
464  OnNetApiCreateUserAccountInternal                  isrt.obl(NetApiRT.obs)
465  OnNextDisk                                         iswi.obl(Exceptions.obs)
466  OnOutOfDiskSpace                                   iswi.obl(DriverConv.obs)
467  OnPatchUIAfter                                     iswi.obl(DriverConv.obs)
468  OnPatchUIBefore                                    iswi.obl(DriverConv.obs)
469  OnRMFilesInUse                                     iswi.obl(DriverConv.obs)
470  OnRebooted                                         iswi.obl(DriverConv.obs)
471  OnRemovingSharedFile                               iswi.obl(Exceptions.obs)
472  OnResume                                           iswi.obl(DriverConv.obs)
473  OnResumeUIAfter                                    iswi.obl(DriverConv.obs)
474  OnResumeUIBefore                                   iswi.obl(DriverConv.obs)
475  OnSQLLogin                                         iswi.obl(DriverConv.obs)
476  OnSelfRegistrationError                            iswi.obl(Exceptions.obs)
477  OnUnhandledException                               iswi.obl(DriverConv.obs)
478  OnUninstall                                        iswi.obl(DriverConv.obs)
479  OnUpdateService                                    iswi.obl(DriverConv.obs)
480  OnWarning                                          iswi.obl(DriverConv.obs)
481  OpenFile                                           isrt.obl(Files.obs)
482  OpenFileMode                                       isrt.obl(Files.obs)
483  ParsePath                                          isrt.obl(Str.obs)
484  PopulateColumnHeaders                              isrt.obl(ISRTScriptDialogs.obs)
485  PopulateListView                                   isrt.obl(ISRTScriptDialogs.obs)
486  PostShowComponentDlg                               iswi.obl(ISWiInit.obs)
487  Postgresql_Installed                               Setup.obs
488  Postgresql_UnInstalled                             Setup.obs
489  Postgresql_UnInstalling                            Setup.obs
490  Postprogram                                        iswi.obl(DriverConv.obs)
491  PreShowComponentDlg                                iswi.obl(ISWiInit.obs)
492  Preprogram                                         iswi.obl(DriverConv.obs)
493  PrintFile                                          isrt.obl(Files.obs)
494  ProgGetGroupType                                   isrt.obl(Shell.obs)
495  ProgramEeuiPostInstall                             iswi.obl(DriverConv.obs)
496  ProgramEeuiPreInstall                              iswi.obl(DriverConv.obs)
497  PthFixPath                                         isrt.obl(Pth.obs)
498  PthIsAbsPath                                       isrt.obl(Pth.obs)
499  PthIsRoot                                          isrt.obl(Pth.obs)
500  ReadBytes                                          isrt.obl(Files.obs)
501  RebootNeeded                                       iswi.obl(FileTransferFuncsConv.obs)
502  RedirectMsiCloseHandle                             iswi.obl(RedirectedMsiFuncsConv.obs)
503  RedirectMsiCreateRecord                            iswi.obl(RedirectedMsiFuncsConv.obs)
504  RedirectMsiGetActiveDatabase                       iswi.obl(RedirectedMsiFuncsConv.obs)
505  RedirectMsiGetMode                                 iswi.obl(RedirectedMsiFuncsConv.obs)
506  RedirectMsiProcessMessage                          iswi.obl(RedirectedMsiFuncsConv.obs)
507  RedirectMsiRecordGetInteger                        iswi.obl(RedirectedMsiFuncsConv.obs)
508  RedirectMsiViewExecute                             iswi.obl(RedirectedMsiFuncsConv.obs)
509  RedirectMsiViewFetch                               iswi.obl(RedirectedMsiFuncsConv.obs)
510  RegDBDeleteKey                                     isrt.obl(Registry.obs)
511  RegDBDeleteValue                                   isrt.obl(Registry.obs)
512  RegDBGetDefaultRoot                                isrt.obl(SysVars.obs)
513  RegDBGetItem                                       isrt.obl(Registry.obs)
514  RegDBGetKeyValueEx                                 isrt.obl(Registry.obs)
515  RegDBKeyExist                                      isrt.obl(Registry.obs)
516  RegDBQueryKey                                      isrt.obl(Registry.obs)
517  RegDBQueryKeyCount                                 isrt.obl(Registry.obs)
518  RegDBQueryStringMultiStringCount                   isrt.obl(Registry.obs)
519  RegDBQueryValue                                    isrt.obl(Registry.obs)
520  RegDBQueryValue32                                  isrt.obl(Registry.obs)
521  RegDBSetDefaultRoot                                isrt.obl(SysVars.obs)
522  RegDBSetKeyValueEx                                 isrt.obl(Registry.obs)
523  RegDBSetValue                                      isrt.obl(Registry.obs)
524  ReleaseDialog                                      isrt.obl(CustomDialog.obs)
525  RemoveSpaces                                       iswi.obl(HelperFuncs.obs)
526  ResolveShellObjectsFolder                          iswi.obl(CompHelperFuncs.obs)
527  SdAskDestPath                                      isrt.obl(ISRTScriptDialogs.obs)
528  SdAskDestPath2                                     isrt.obl(ISRTScriptDialogs.obs)
529  SdCloseDlg                                         isrt.obl(SDINT.obs)
530  SdComponentDlgCheckSpace                           isrt.obl(SDINT.obs)
531  SdCustomerInformation                              isrt.obl(ISRTScriptDialogs.obs)
532  SdDiskSpace2                                       isrt.obl(ISRTScriptDialogs.obs)
533  SdDlgToTop                                         isrt.obl(SDINT.obs)
534  SdDoStdButton                                      isrt.obl(SDINT.obs)
535  SdEnablement                                       isrt.obl(SDINT.obs)
536  SdError                                            isrt.obl(SDINT.obs)
537  SdFeatureTree                                      isrt.obl(ISRTScriptDialogs.obs)
538  SdFilesInUse                                       isrt.obl(ISRTScriptDialogs.obs)
539  SdFinish                                           isrt.obl(ISRTScriptDialogs.obs)
540  SdFinishReboot                                     isrt.obl(ISRTScriptDialogs.obs)
541  SdGeneralInit                                      isrt.obl(SDINT.obs)
542  SdInit                                             isrt.obl(SDINT.obs)
543  SdIsStdButton                                      isrt.obl(SDINT.obs)
544  SdLicense                                          isrt.obl(ISRTScriptDialogs.obs)
545  SdLicenseEx                                        isrt.obl(ISRTScriptDialogs.obs)
546  SdLoadString                                       isrt.obl(SDINT.obs)
547  SdMakeName                                         isrt.obl(SDINT.obs)
548  SdPatchWelcome                                     isrt.obl(ISRTScriptDialogs.obs)
549  SdPlugInProductName                                isrt.obl(SDINT.obs)
550  SdRMFilesInUse                                     isrt.obl(ISRTScriptDialogs.obs)
551  SdSetDlgTitle                                      isrt.obl(SDINT.obs)
552  SdSetStatic                                        isrt.obl(SDINT.obs)
553  SdSetupCompleteError                               isrt.obl(ISRTScriptDialogs.obs)
554  SdShowDlgEdit3                                     isrt.obl(ISRTScriptDialogs.obs)
555  SdShowInfoList                                     isrt.obl(ISRTScriptDialogs.obs)
556  SdShowMsg                                          isrt.obl(ISRTScriptDialogsPriv.obs)
557  SdStartCopy                                        isrt.obl(ISRTScriptDialogs.obs)
558  SdSubstituteProductInfo                            isrt.obl(SDINT.obs)
559  SdUnInit                                           isrt.obl(SDINT.obs)
560  SdWelcome                                          isrt.obl(ISRTScriptDialogs.obs)
561  SelectDir                                          isrt.obl(ISRTScriptDialogsPriv.obs)
562  SelectDirNoLog                                     isrt.obl(ISRTScriptDialogsPriv.obs)
563  SendMessage                                        isrt.obl(Misc.obs)
564  ServiceInitParams                                  isrt.obl(Service.obs)
565  ServiceStartService                                isrt.obl(Service.obs)
566  SetCmdLine                                         isrt.obl(SysVars.obs)
567  SetDialogTitle                                     isrt.obl(Dialogs.obs)
568  SetDisplayEffect                                   isrt.obl(ui.obs)
569  SetExtendedErrInfo                                 isrt.obl(IsUtil.obs)
570  SetFileInfo                                        isrt.obl(Files.obs)
571  SetGlobalVars                                      iswi.obl(ISWiInit.obs)
572  SetInstallationInfo                                isrt.obl(Registry.obs)
573  SetMifInformationOnly                              isrt.obl(Registry.obs)
574  SetStatusExStaticText                              isrt.obl(ui.obs)
575  SetStatusWindow                                    isrt.obl(ui.obs)
576  SetTitle                                           isrt.obl(ui.obs)
577  SetupTraceWrite                                    isrt.obl(Misc.obs)
578  Shell32.ShellExecuteEx                             Setup.obs
579  SilentDoGeneralInfo                                isrt.obl(Silent.obs)
580  SilentFailed                                       isrt.obl(Silent.obs)
581  SilentFinish                                       isrt.obl(Silent.obs)
582  SilentInit                                         isrt.obl(Silent.obs)
583  SilentReadData                                     isrt.obl(Silent.obs)
584  SilentSetInfo                                      isrt.obl(Silent.obs)
585  SilentSetMode                                      isrt.obl(Silent.obs)
586  SilentWriteData                                    isrt.obl(Silent.obs)
587  Sprintf                                            isrt.obl(Str.obs)
588  SprintfBox                                         isrt.obl(ISRTScriptDialogsPriv.obs)
589  SprintfMsiLog                                      iswi.obl(HelperFuncs.obs)
590  StrAddLastSlash                                    isrt.obl(Str.obs)
591  StrConcatNullDelimitedStrings                      isrt.obl(Str.obs)
592  StrConvertSizeUnit                                 isrt.obl(Str.obs)
593  StrDelete                                          iswi.obl(HelperFuncs.obs)
594  StrFindEx                                          isrt.obl(Str.obs)
595  StrGetTokens                                       isrt.obl(Str.obs)
596  StrLength                                          isrt.obl(Str.obs)
597  StrParseMSIMessage                                 isrt.obl(Str.obs)
598  StrPutTokens                                       isrt.obl(Str.obs)
599  StrRemoveLastSlash                                 isrt.obl(Str.obs)
600  StrReplace                                         isrt.obl(Str.obs)
601  StrToNumHex                                        isrt.obl(Str.obs)
602  StrToUpper                                         isrt.obl(Str.obs)
603  StrTrim                                            isrt.obl(Str.obs)
604  SysVarsInit                                        isrt.obl(SysVars.obs)
605  SysVarsInitConv                                    iswi.obl(SysVarsConv.obs)
606  SysVarsTrace                                       isrt.obl(SysVars.obs)
607  SysVarsUnInit                                      iswi.obl(SysVarsConv.obs)
608  System                                             isrt.obl(Misc.obs)
609  SystemRestoreCancelRestorePointIS                  isrt.obl(PCRestore.obs)
610  SystemRestoreCloseRestorePointIS                   isrt.obl(PCRestore.obs)
611  SystemRestoreDisableIS                             isrt.obl(PCRestore.obs)
612  SystemRestoreIsEnabledIS                           isrt.obl(PCRestore.obs)
613  SystemRestoreOpenRestorePointIS                    isrt.obl(PCRestore.obs)
614  TextSubGetValue                                    isrt.obl(TextSub.obs)
615  TextSubParseTextSub                                isrt.obl(TextSub.obs)
616  TextSubSetValue                                    isrt.obl(TextSub.obs)
617  TreeViewCreate                                     isrt.obl(CmptView.obs)
618  USER.EnableWindow                                  Setup.obs
619  USER.GetClassName                                  Setup.obs
620  USER.GetDC                                         Setup.obs
621  USER.GetDlgItem                                    Setup.obs
622  USER.GetFocus                                      Setup.obs
623  USER.GetWindowLong                                 Setup.obs
624  USER.GetWindowRect                                 Setup.obs
625  USER.IsIconic                                      Setup.obs
626  USER.IsWindow                                      Setup.obs
627  USER.ReleaseDC                                     Setup.obs
628  USER.SendMessageA                                  Setup.obs
629  USER.SetFocus                                      Setup.obs
630  USER.SetWindowPos                                  Setup.obs
631  USER.SetWindowText                                 Setup.obs
632  USER.ShowWindow                                    Setup.obs
633  USER32.CharUpperBuffA                              Setup.obs
634  USER32.DestroyWindow                               Setup.obs
635  USER32.GetDesktopWindow                            Setup.obs
636  USER32.GetSystemMetrics                            Setup.obs
637  USER32.GetWindowText                               Setup.obs
638  USER32.GetWindowTextLength                         Setup.obs
639  USER32.InvalidateRect                              Setup.obs
640  USER32.IsWindowVisible                             Setup.obs
641  USER32.MessageBoxA                                 Setup.obs
642  USER32.MsgWaitForMultipleObjects                   Setup.obs
643  USER32.PeekMessageA                                Setup.obs
644  USER32.SendMessageA                                Setup.obs
645  USER32.SetForegroundWindow                         Setup.obs
646  USER32.SetWindowLong                               Setup.obs
647  USER32.SetWindowRgn                                Setup.obs
648  USER32.WaitForInputIdle                            Setup.obs
649  UpdateDirectoryPathForIsMsiEeui                    iswi.obl(HelperFuncs.obs)
650  UpdateServiceEnableUpdateService                   isrt.obl(ISUpdateService.obs)
651  User32.LoadStringA                                 iswi.obl(ComponentConv.obs)
652  VarInit                                            isrt.obl(SysVars.obs)
653  VarRestore                                         iswi.obl(SysVarsConv.obs)
654  VarRestoreISRT                                     isrt.obl(SysVars.obs)
655  VarSave                                            iswi.obl(SysVarsConv.obs)
656  VarSaveISRT                                        isrt.obl(SysVars.obs)
657  VerCompare                                         isrt.obl(version.obs)
658  VerProductGetInstalledVersion                      isrt.obl(version.obs)
659  VerProductNumToStr                                 isrt.obl(version.obs)
660  VerProductVerPartsFromVer                          isrt.obl(version.obs)
661  WaitForApplication                                 isrt.obl(Extend.obs)
662  WaitOnDialog                                       isrt.obl(CustomDialog.obs)
663  WorkSpaceServer_UnInstalled                        Setup.obs
664  WriteBytes                                         isrt.obl(Files.obs)
665  WriteLine                                          isrt.obl(Files.obs)
666  _WinSubFocusControl                                isrt.obl(WINSUB.obs)
667  _WinSubFocusWindow                                 isrt.obl(WINSUB.obs)
668  _WinSubGetChildWindow                              isrt.obl(WINSUB.obs)
669  _WinSubIsWindow                                    isrt.obl(WINSUB.obs)
670  __AddStringToArray                                 iswi.obl(HelperFuncs.obs)
671  __Begin                                            iswi.obl(DriverConv.obs)
672  __ComponentListItemsEx                             iswi.obl(CompHelperFuncs.obs)
673  __ComponentListItemsExInstall                      iswi.obl(CompHelperFuncs.obs)
674  __ComponentListItemsExUnInstall                    iswi.obl(CompHelperFuncs.obs)
675  __ComponentMoveXferData                            iswi.obl(CompHelperFuncs.obs)
676  __End                                              iswi.obl(DriverConv.obs)
677  __GetFinishMode                                    iswi.obl(ISWiInit.obs)
678  __GetMsiHandle                                     iswi.obl(SysVarsConv.obs)
679  __GetProgramFilesFolder                            iswi.obl(SysVarsConv.obs)
680  __GetSourceDir                                     iswi.obl(SysVarsConv.obs)
681  __GetSystemFolder                                  iswi.obl(SysVarsConv.obs)
682  __HandleError                                      iswi.obl(ErrHandler.obs)
683  __ISRTDoExit                                       isrt.obl(Misc.obs)
684  __ISRTInit                                         isrt.obl(ISRTInit.obs)
685  __ISRTRestoreMainLog                               isrt.obl(ISRTInit.obs)
686  __ISRTRestoreMainLogEx                             isrt.obl(ISRTInit.obs)
687  __ISRTSetComponentLog                              isrt.obl(ISRTInit.obs)
688  __ISRTUnInit                                       isrt.obl(ISRTInit.obs)
689  __ISWIInit                                         iswi.obl(ISWiInit.obs)
690  __ISWIMsiHandle                                    iswi.obl(ISWiInit.obs)
691  __ISWIUnInit                                       iswi.obl(ISWiInit.obs)
692  __IsArrayEmpty                                     iswi.obl(HelperFuncs.obs)
693  __LoadIScriptString                                isrt.obl(LoadStr.obs)
694  __Moved                                            iswi.obl(FileTransferFuncsConv.obs)
695  __Moving                                           iswi.obl(FileTransferFuncsConv.obs)
696  __MsiOpenView                                      iswi.obl(CompHelperFuncs.obs)
697  __MsiQueryFeatureState                             iswi.obl(MsiWrappersConv.obs)
698  __MsiRecordGetString                               iswi.obl(MsiWrappersConv.obs)
699  __OnAbort                                          iswi.obl(DriverConv.obs)
700  __OnAdminPatch                                     iswi.obl(DriverConv.obs)
701  __OnAdministrativeInstall                          iswi.obl(DriverConv.obs)
702  __OnAdvertisement                                  iswi.obl(DriverConv.obs)
703  __OnBegin                                          iswi.obl(DriverConv.obs)
704  __OnCanceling                                      iswi.obl(DriverConv.obs)
705  __OnEnd                                            iswi.obl(DriverConv.obs)
706  __OnError                                          iswi.obl(DriverConv.obs)
707  __OnMsiMaintenance                                 iswi.obl(DriverConv.obs)
708  __OnMsiRebooted                                    iswi.obl(DriverConv.obs)
709  __OnMsiSilentInstall                               iswi.obl(DriverConv.obs)
710  __OnMsiUninstall                                   iswi.obl(DriverConv.obs)
711  __OnPatch                                          iswi.obl(DriverConv.obs)
712  __OnResume                                         iswi.obl(DriverConv.obs)
713  __OnWarning                                        iswi.obl(DriverConv.obs)
714  __ResetMsiObject                                   iswi.obl(ISWiInit.obs)
715  __SetMaintenance                                   iswi.obl(ISWiInit.obs)
716  __SetMsiHandle                                     iswi.obl(SysVarsConv.obs)
717  __SetMsiServer                                     iswi.obl(ISWiInit.obs)
718  __SetPatch                                         iswi.obl(SysVarsConv.obs)
719  __SetSourceDir                                     iswi.obl(SysVarsConv.obs)
720  isrt._ComponentGetData                             iswi.obl(ComponentConv.obs)
721  isrt._ComponentIsItemSelected                      iswi.obl(ComponentConv.obs)
722  isrt._ComponentListItems                           iswi.obl(ComponentConv.obs)
723  isrt._ComponentRemoveAll                           iswi.obl(ComponentConv.obs)
724  isrt._ComponentSelectItem                          iswi.obl(ComponentConv.obs)
725  isrt._EnableDialogCache                            iswi.obl(ISWiInit.obs)
726  msi.MsiCloseHandle                                 iswi.obl(RedirectedMsiFuncsConv.obs)
727  msi.MsiCreateRecord                                iswi.obl(RedirectedMsiFuncsConv.obs)
728  msi.MsiDatabaseOpenViewA                           Setup.obs
729  msi.MsiDoActionA                                   Setup.obs
730  msi.MsiGetActiveDatabase                           iswi.obl(RedirectedMsiFuncsConv.obs)
731  msi.MsiGetMode                                     iswi.obl(RedirectedMsiFuncsConv.obs)
732  msi.MsiGetProductInfoA                             Setup.obs
733  msi.MsiGetPropertyA                                Setup.obs
734  msi.MsiGetSourcePathA                              Setup.obs
735  msi.MsiGetTargetPathA                              Setup.obs
736  msi.MsiProcessMessage                              iswi.obl(RedirectedMsiFuncsConv.obs)
737  msi.MsiQueryFeatureStateA                          Setup.obs
738  msi.MsiRecordGetInteger                            iswi.obl(RedirectedMsiFuncsConv.obs)
739  msi.MsiRecordGetStringA                            Setup.obs
740  msi.MsiRecordSetStringA                            Setup.obs
741  msi.MsiSetPropertyA                                Setup.obs
742  msi.MsiSetTargetPathA                              Setup.obs
743  msi.MsiViewExecute                                 iswi.obl(RedirectedMsiFuncsConv.obs)
744  msi.MsiViewFetch                                   iswi.obl(RedirectedMsiFuncsConv.obs)
745  program                                            iswi.obl(DriverConv.obs)
746  sfc.SRSetRestorePoint                              Setup.obs


***** External Variables *****
1    ADDREMOVE                                          iswi.obl(SysVarsConv.obs)
2    ADDREMOVE_COMBINEDBUTTON                           Setup.obs
3    ADDREMOVE_HIDECHANGEOPTION                         Setup.obs
4    ADDREMOVE_HIDEREMOVEOPTION                         Setup.obs
5    ADDREMOVE_HIDEREPAIROPTION                         Setup.obs
6    ADDREMOVE_STRING_REMOVEONLY                        Setup.obs
7    ADDREMOVE_SYSTEMCOMPONENT                          Setup.obs
8    ADMINUSER                                          Setup.obs
9    ALLUSERS                                           Setup.obs
10   AdminToolsFolder                                   iswi.obl(DebugSymbolsConv.obs)
11   AppDataFolder                                      iswi.obl(DebugSymbolsConv.obs)
12   BASICMSI                                           iswi.obl(SysVarsConv.obs)
13   BATCH_INSTALL                                      Setup.obs
14   CMDLINE                                            iswi.obl(SysVarsConv.obs)
15   COMMONFILES                                        iswi.obl(SysVarsConv.obs)
16   COMMONFILES64                                      iswi.obl(SysVarsConv.obs)
17   CommonAppDataFolder                                iswi.obl(DebugSymbolsConv.obs)
18   CommonFiles64Folder                                iswi.obl(DebugSymbolsConv.obs)
19   CommonFilesFolder                                  iswi.obl(DebugSymbolsConv.obs)
20   DISABLE_ALLUSERBTN                                 Setup.obs
21   DISABLE_PERUSERBTN                                 Setup.obs
22   DISK1SETUPEXENAME                                  iswi.obl(SysVarsConv.obs)
23   DISK1TARGET                                        Setup.obs
24   DesktopFolder                                      iswi.obl(DebugSymbolsConv.obs)
25   ENABLED_ISERVICES                                  iswi.obl(SysVarsConv.obs)
26   ENGINECOMMONDIR                                    iswi.obl(SysVarsConv.obs)
27   ENGINEDIR                                          iswi.obl(SysVarsConv.obs)
28   ERRORFILENAME                                      Setup.obs
29   ERRORINFO                                          iswi.obl(ComponentConv.obs)
30   Err                                                Setup.obs
31   FEATURE                                            iswi.obl(ComponentConv.obs)
32   FILEERROR                                          iswi.obl(ComponentConv.obs)
33   FILETIME                                           Setup.obs
34   FIND_DATA                                          Setup.obs
35   FOLDER_APPDATA                                     iswi.obl(SysVarsConv.obs)
36   FOLDER_COMMON_APPDATA                              iswi.obl(SysVarsConv.obs)
37   FOLDER_DESKTOP                                     iswi.obl(SysVarsConv.obs)
38   FOLDER_DOTNET_10                                   iswi.obl(SysVarsConv.obs)
39   FOLDER_DOTNET_11                                   iswi.obl(SysVarsConv.obs)
40   FOLDER_DOTNET_20                                   iswi.obl(SysVarsConv.obs)
41   FOLDER_DOTNET_30                                   iswi.obl(SysVarsConv.obs)
42   FOLDER_DOTNET_35                                   iswi.obl(SysVarsConv.obs)
43   FOLDER_FONTS                                       iswi.obl(SysVarsConv.obs)
44   FOLDER_LOCAL_APPDATA                               iswi.obl(SysVarsConv.obs)
45   FOLDER_PERSONAL                                    iswi.obl(SysVarsConv.obs)
46   FOLDER_PROGRAMS                                    iswi.obl(SysVarsConv.obs)
47   FOLDER_STARTMENU                                   iswi.obl(SysVarsConv.obs)
48   FOLDER_STARTUP                                     iswi.obl(SysVarsConv.obs)
49   FOLDER_TEMP                                        iswi.obl(SysVarsConv.obs)
50   FavoritesFolder                                    iswi.obl(DebugSymbolsConv.obs)
51   FileRegistrar                                      Setup.obs
52   FontsFolder                                        iswi.obl(DebugSymbolsConv.obs)
53   HIDE_DISABLED_BTNS                                 Setup.obs
54   HKEYCURRENTROOTKEY                                 Setup.obs
55   IFX_COMPANY_NAME                                   Setup.obs
56   IFX_INSTALLED_DISPLAY_VERSION                      Setup.obs
57   IFX_INSTALLED_VERSION                              Setup.obs
58   IFX_KEYPATH_PRODUCT_INFO                           Setup.obs
59   IFX_MULTI_INSTANCE_SUFFIX                          Setup.obs
60   IFX_NETAPI_GROUP                                   Setup.obs
61   IFX_NETAPI_PASSWORD                                Setup.obs
62   IFX_NETAPI_USER_ACCOUNT                            Setup.obs
63   IFX_OPEN_RESTORE_POINT                             isrt.obl(PCRestore.obs)
64   IFX_PRODUCT_COMMENTS                               Setup.obs
65   IFX_PRODUCT_DISPLAY_NAME                           Setup.obs
66   IFX_PRODUCT_DISPLAY_VERSION                        Setup.obs
67   IFX_PRODUCT_ICON                                   Setup.obs
68   IFX_PRODUCT_KEY                                    Setup.obs
69   IFX_PRODUCT_NAME                                   Setup.obs
70   IFX_PRODUCT_README                                 Setup.obs
71   IFX_PRODUCT_REGISTEREDCOMPANY                      Setup.obs
72   IFX_PRODUCT_REGISTEREDOWNER                        Setup.obs
73   IFX_PRODUCT_REGISTEREDSERIALNUM                    Setup.obs
74   IFX_PRODUCT_SUPPORT_CONTACT                        Setup.obs
75   IFX_PRODUCT_SUPPORT_PHONE                          Setup.obs
76   IFX_PRODUCT_SUPPORT_URL                            Setup.obs
77   IFX_PRODUCT_UPDATE_URL                             Setup.obs
78   IFX_PRODUCT_URL                                    Setup.obs
79   IFX_PRODUCT_VERSION                                Setup.obs
80   IFX_RESTORE_DISABLED                               isrt.obl(PCRestore.obs)
81   IFX_SETUP_TITLE                                    Setup.obs
82   IFX_SUPPORTED_VERSIONS                             Setup.obs
83   IISROOTFOLDER                                      iswi.obl(SysVarsConv.obs)
84   INSTALLDIR                                         Setup.obs
85   INSTALLSCRIPTMSI                                   iswi.obl(SysVarsConv.obs)
86   INSTALLSCRIPTMSIEEUI                               iswi.obl(SysVarsConv.obs)
87   INSTANCE_GUID                                      iswi.obl(SysVarsConv.obs)
88   ISDIFXAPPID                                        Setup.obs
89   ISMSI_HANDLE                                       iswi.obl(DebugSymbolsConv.obs)
90   ISRES                                              iswi.obl(SysVarsConv.obs)
91   ISUSER                                             iswi.obl(SysVarsConv.obs)
92   ISUTIL_FUNCTION_ACTUAL_ERROR                       Setup.obs
93   ISUTIL_FUNCTION_ERROR                              iswi.obl(CompHelperFuncs.obs)
94   ISUTIL_LINE_NUMBER                                 Setup.obs
95   ISUTIL_POSITIVE_ERROR                              iswi.obl(CompHelperFuncs.obs)
96   ISUTIL_SCRIPT_FILE                                 Setup.obs
97   ISVERSION                                          iswi.obl(SysVarsConv.obs)
98   IS_NULLSTR_PTR                                     Setup.obs
99   LAAW_PARAMETERS                                    Setup.obs
100  LAAW_PROCESS_INFORMATION                           Setup.obs
101  LAAW_SHELLEXECUTEINFO                              Setup.obs
102  LAAW_SHELLEXECUTEVERB                              Setup.obs
103  LAAW_STARTUPINFO                                   Setup.obs
104  LAST_RESULT                                        Setup.obs
105  LVITEM                                             Setup.obs
106  LV_COLUMN                                          Setup.obs
107  LocalAppDataFolder                                 iswi.obl(DebugSymbolsConv.obs)
108  LogDB                                              Setup.obs
109  MAINTENANCE                                        iswi.obl(SysVarsConv.obs)
110  MAINT_OPTION                                       iswi.obl(SysVarsConv.obs)
111  MEDIA                                              Setup.obs
112  MEDIA_INFO                                         iswi.obl(FeatureConv.obs)
113  MODE                                               Setup.obs
114  MSG                                                Setup.obs
115  MULTI_INSTANCE_COUNT                               iswi.obl(SysVarsConv.obs)
116  MainWindow                                         Setup.obs
117  MyPicturesFolder                                   iswi.obl(DebugSymbolsConv.obs)
118  NOTHING                                            Setup.obs
119  NetHoodFolder                                      iswi.obl(DebugSymbolsConv.obs)
120  OSINFO_PLATFORM_INFO                               Setup.obs
121  OSINFO_PROCESSOR_INFO                              Setup.obs
122  OSVERSIONINFO                                      Setup.obs
123  OSVERSIONINFOEX                                    Setup.obs
124  Objects                                            Setup.obs
125  OriginalDatabase                                   iswi.obl(DebugSymbolsConv.obs)
126  PACKAGE_LOCATION                                   iswi.obl(SysVarsConv.obs)
127  PATCH                                              iswi.obl(DebugSymbolsConv.obs)
128  POINT                                              Setup.obs
129  PRIVILEGED                                         Setup.obs
130  PROCESS_INFORMATION                                Setup.obs
131  PRODUCT_GUID                                       iswi.obl(SysVarsConv.obs)
132  PROGRAMFILES                                       iswi.obl(SysVarsConv.obs)
133  PROGRAMFILES64                                     iswi.obl(SysVarsConv.obs)
134  PersonalFolder                                     iswi.obl(DebugSymbolsConv.obs)
135  PrintHoodFolder                                    iswi.obl(DebugSymbolsConv.obs)
136  ProgramFiles64Folder                               iswi.obl(DebugSymbolsConv.obs)
137  ProgramFilesFolder                                 iswi.obl(DebugSymbolsConv.obs)
138  ProgramMenuFolder                                  iswi.obl(DebugSymbolsConv.obs)
139  RECT                                               Setup.obs
140  REGDB_OPTIONS                                      Setup.obs
141  REINSTALLMODE                                      iswi.obl(SysVarsConv.obs)
142  REMOVEALLMODE                                      iswi.obl(SysVarsConv.obs)
143  REMOVEONLY                                         iswi.obl(SysVarsConv.obs)
144  RUN_ONCE_PROGRAM                                   iswi.obl(SysVarsConv.obs)
145  Reboot                                             Setup.obs
146  RecentFolder                                       iswi.obl(DebugSymbolsConv.obs)
147  SELECTED_LANGUAGE                                  iswi.obl(SysVarsConv.obs)
148  SERVICE_IS_PARAMS                                  Setup.obs
149  SERVICE_IS_STATUS                                  Setup.obs
150  SETUPTYPE_STR_COMPACT                              Setup.obs
151  SETUPTYPE_STR_COMPLETE                             Setup.obs
152  SETUPTYPE_STR_CUSTOM                               Setup.obs
153  SETUPTYPE_STR_TYPICAL                              Setup.obs
154  SHAREDSUPPORTDIR                                   iswi.obl(SysVarsConv.obs)
155  SHELLEXECUTEINFO                                   Setup.obs
156  SHELL_OBJECT_FOLDER                                Setup.obs
157  SHOW_PASSWORD_DIALOG                               iswi.obl(SysVarsConv.obs)
158  SRCDIR                                             Setup.obs
159  SRCDISK                                            iswi.obl(SysVarsConv.obs)
160  STANDARD_SELECTED_LANGUAGE                         iswi.obl(SysVarsConv.obs)
161  STARTUPINFO                                        Setup.obs
162  SUPPORTDIR                                         iswi.obl(SysVarsConv.obs)
163  SYSINFO                                            Setup.obs
164  SYSPROCESSORINFO                                   Setup.obs
165  SYSTEMTIME                                         Setup.obs
166  SendToFolder                                       iswi.obl(DebugSymbolsConv.obs)
167  SetupInfo                                          Setup.obs
168  SourceDir                                          iswi.obl(DebugSymbolsConv.obs)
169  StartMenuFolder                                    iswi.obl(DebugSymbolsConv.obs)
170  StartupFolder                                      iswi.obl(DebugSymbolsConv.obs)
171  StatusDlg                                          Setup.obs
172  System16Folder                                     iswi.obl(DebugSymbolsConv.obs)
173  System64Folder                                     iswi.obl(DebugSymbolsConv.obs)
174  SystemFolder                                       iswi.obl(DebugSymbolsConv.obs)
175  TARGETDIR                                          Setup.obs
176  TARGETDISK                                         iswi.obl(SysVarsConv.obs)
177  TempFolder                                         iswi.obl(DebugSymbolsConv.obs)
178  TemplateFolder                                     iswi.obl(DebugSymbolsConv.obs)
179  TextSub                                            Setup.obs
180  UNINST                                             Setup.obs
181  UNINSTALLKEY                                       Setup.obs
182  UNINSTALL_DISPLAYNAME                              Setup.obs
183  UNINSTALL_STRING                                   Setup.obs
184  UPDATEMODE                                         Setup.obs
185  WINDIR                                             iswi.obl(SysVarsConv.obs)
186  WINDISK                                            iswi.obl(SysVarsConv.obs)
187  WINSYSDIR                                          iswi.obl(SysVarsConv.obs)
188  WINSYSDIR64                                        iswi.obl(SysVarsConv.obs)
189  WINSYSDISK                                         iswi.obl(SysVarsConv.obs)
190  WindowsFolder                                      iswi.obl(DebugSymbolsConv.obs)
191  WindowsVolume                                      iswi.obl(DebugSymbolsConv.obs)
192  _INT64                                             Setup.obs
193  _LAAW_PARAMETERS                                   Setup.obs
194  _LAAW_TEMP_DATA                                    isrt.obl(Extend.obs)
195  _RESTOREPOINTINFO                                  Setup.obs
196  _SAFEARRAY                                         isrt.obl(Misc.obs)
197  _SERVICE_IS_PARAMS                                 Setup.obs
198  _SERVICE_IS_STATUS                                 Setup.obs
199  _STATEMGRSTATUS                                    Setup.obs
200  _VARIANT                                           isrt.obl(Misc.obs)
201  _WIN9X                                             Setup.obs
202  _WINNT                                             Setup.obs
203  __gbAliasingOff                                    iswi.obl(CompHelperFuncs.obs)
204  __gbCheckForUpdate                                 iswi.obl(CompHelperFuncs.obs)
205  __gbGetTarget                                      iswi.obl(CompHelperFuncs.obs)
206  __gbInitialized                                    iswi.obl(CompHelperFuncs.obs)
207  __gbInstallInfo                                    Setup.obs
208  __gbMaintenance                                    iswi.obl(CompHelperFuncs.obs)
209  __gbReopening                                      iswi.obl(CompHelperFuncs.obs)
210  __ghActiveDataBase                                 iswi.obl(CompHelperFuncs.obs)
211  __ghErrFileHandle                                  iswi.obl(CompHelperFuncs.obs)
212  __ghMsiInstall                                     iswi.obl(CompHelperFuncs.obs)
213  __gnButtonSelected                                 iswi.obl(CompHelperFuncs.obs)
214  __gnLastError                                      iswi.obl(CompHelperFuncs.obs)
215  __gnMsiReturn                                      iswi.obl(CompHelperFuncs.obs)
216  __gnOSMask                                         iswi.obl(CompHelperFuncs.obs)
217  __gnScriptMode                                     iswi.obl(CompHelperFuncs.obs)
218  __goISDriver                                       iswi.obl(CompHelperFuncs.obs)
219  __goMsiServer                                      iswi.obl(CompHelperFuncs.obs)
220  __gsINSTALLDIR                                     iswi.obl(CompHelperFuncs.obs)
221  __gsProductGuid                                    iswi.obl(CompHelperFuncs.obs)
222  __gsSourceDir                                      iswi.obl(CompHelperFuncs.obs)
223  __hContext                                         iswi.obl(CompHelperFuncs.obs)
224  __objGlobalTextSub                                 Setup.obs
225  __objStringTable                                   iswi.obl(ISWiInit.obs)
226  __szGUID                                           Setup.obs
227  bBackButton                                        Setup.obs
228  bCancelButton                                      Setup.obs
229  bEnterDiskBeep                                     Setup.obs
230  bFinishButton                                      Setup.obs
231  bInstall16                                         Setup.obs
232  bNextButton                                        Setup.obs
233  bSdInit                                            Setup.obs
234  bViewCmptKunits                                    Setup.obs
235  bViewCmptUseDecimal                                Setup.obs
236  g_bSuppressMissingStringWarning                    iswi.obl(DriverConv.obs)
237  g_nDlgAskPath                                      iswi.obl(CompHelperFuncs.obs)
238  nDlgAskOptions                                     iswi.obl(CompHelperFuncs.obs)
239  nDlgAskYesNo                                       iswi.obl(CompHelperFuncs.obs)
240  nDlgMessageBox                                     iswi.obl(CompHelperFuncs.obs)
241  nDlgSelectDir                                      iswi.obl(CompHelperFuncs.obs)
242  nDlgSprintfBox                                     iswi.obl(CompHelperFuncs.obs)
243  nSdAskDestPath                                     Setup.obs
244  nSdAskDestPath2                                    Setup.obs
245  nSdComponentTree                                   Setup.obs
246  nSdCustInfo                                        Setup.obs
247  nSdDiskSpaceRequirements                           Setup.obs
248  nSdFinish                                          Setup.obs
249  nSdFinishReboot                                    Setup.obs
250  nSdLicense                                         Setup.obs
251  nSdLicenseRtf                                      Setup.obs
252  nSdOutOfDiskSpace                                  Setup.obs
253  nSdPatchWelcome                                    Setup.obs
254  nSdShowDlgEdit3                                    Setup.obs
255  nSdShowInfoList                                    Setup.obs
256  nSdStartCopy                                       Setup.obs
257  nSdWelcome                                         Setup.obs
258  szAppKey                                           Setup.obs
259  szSdProduct                                        Setup.obs
260  szSdStr_NotEnoughSpace                             Setup.obs
